// Jest Snapshot v1, https://goo.gl/fbAQLP

exports[`Pruebas en el componente NavBar debe renderizar correctamente el componente 1`] = `
<nav
  className="navbar navbar-expand-sm navbar-dark bg-dark"
>
  <a
    className="navbar-brand"
    onClick={[Function]}
  >
    Asociaciones
  </a>
  <div
    className="navbar-collapse"
  >
    <div
      className="navbar-nav"
    >
      <a
        aria-current={null}
        className="nav-item nav-link"
        onClick={[Function]}
      >
        Marvel Comics
      </a>
      <a
        aria-current={null}
        className="nav-item nav-link"
        onClick={[Function]}
      >
        DC Comics
      </a>
      <a
        aria-current={null}
        className="nav-item nav-link"
        onClick={[Function]}
      >
        Search
      </a>
    </div>
  </div>
  <div
    className="navbar-collapse collapse w-100 order-3 dual-collapse2"
  >
    <ul
      className="navbar-nav ml-auto"
    >
      <span
        className="nav-item nav-link text-info"
      >
        paquito
      </span>
      <button
        className="btn btn-outline-success"
        onClick={[Function]}
      >
        Logout
      </button>
    </ul>
  </div>
</nav>
`;
