// Jest Snapshot v1, https://goo.gl/fbAQLP

exports[`Pruebas en el componente LoginScreen debe renderizar correctamente el componente 1`] = `
<div>
  <h2>
    LoginScreen
  </h2>
  <hr />
  <button
    className="btn btn-outline-primary"
    onClick={[Function]}
  >
    Login
  </button>
</div>
`;
